../Core/Src/main.c:98:5:main	32	static
../Core/Src/main.c:266:6:SystemClock_Config	80	static
../Core/Src/main.c:307:13:MX_ADC_Init	24	static
../Core/Src/main.c:361:13:MX_TIM3_Init	64	static
../Core/Src/main.c:420:13:MX_USART2_UART_Init	8	static
../Core/Src/main.c:453:13:MX_DMA_Init	16	static
../Core/Src/main.c:474:13:MX_GPIO_Init	56	static
../Core/Src/main.c:521:6:EXTI0_1_IRQHandler	24	static
../Core/Src/main.c:559:10:pollADC	16	static
../Core/Src/main.c:570:10:ADCtoCRR	24	static
../Core/Src/main.c:588:6:Error_Handler	8	static,ignoring_inline_asm
